// Jest Snapshot v1, https://goo.gl/fbAQLP

exports[`TagList component test 1`] = `
<div
  className="form-group"
>
  <label
    className="form-label"
    htmlFor="tag-list"
  >
    TagList
  </label>
  <div
    className="input-group"
  >
    <input
      className="form-control"
      id="tag-list"
      name="tag-list"
      onBlur={[Function]}
      onChange={[Function]}
      onKeyDown={[Function]}
      type="text"
      value=""
    />
  </div>
</div>
`;
