// Jest Snapshot v1, https://goo.gl/fbAQLP

exports[`Ingredient Group component test 1`] = `
Array [
  <div
    className="ingredient-group"
  >
    <h3
      className="subheading"
    >
      Chili
    </h3>
    <table
      className="table ingredients-table table table-sm table-striped"
    >
      <thead
        className="hideme"
      >
        <tr>
          <th>
            <span>
              Quantity
            </span>
          </th>
          <th>
            <span>
              Ingredient
            </span>
          </th>
        </tr>
      </thead>
      <tbody>
        <tr
          className="ingredient"
        >
          <td
            className="quantity"
          >
            <span>
              1
               
              dash
            </span>
          </td>
          <td
            className="ingredient"
          >
            <span>
              black pepper
            </span>
          </td>
        </tr>
      </tbody>
    </table>
  </div>,
  <div
    className="ingredient-group"
  >
    <h3
      className="subheading"
    >
      Spices
    </h3>
    <table
      className="table ingredients-table table table-sm table-striped"
    >
      <thead
        className="hideme"
      >
        <tr>
          <th>
            <span>
              Quantity
            </span>
          </th>
          <th>
            <span>
              Ingredient
            </span>
          </th>
        </tr>
      </thead>
      <tbody>
        <tr
          className="ingredient"
        >
          <td
            className="quantity"
          >
            <span>
              1
               
              dash
            </span>
          </td>
          <td
            className="ingredient"
          >
            <span>
              black pepper
            </span>
          </td>
        </tr>
      </tbody>
    </table>
  </div>,
  <div
    className="ingredient-group"
  >
    
    <table
      className="table ingredients-table table table-sm table-striped"
    >
      <thead
        className="hideme"
      >
        <tr>
          <th>
            <span>
              Quantity
            </span>
          </th>
          <th>
            <span>
              Ingredient
            </span>
          </th>
        </tr>
      </thead>
      <tbody>
        <tr
          className="ingredient"
        >
          <td
            className="quantity"
          >
            <span>
              1
               
              dash
            </span>
          </td>
          <td
            className="ingredient"
          >
            <span>
              black pepper
            </span>
          </td>
        </tr>
      </tbody>
    </table>
  </div>,
]
`;
