// Jest Snapshot v1, https://goo.gl/fbAQLP

exports[`Ingredient Buttons Complete 1`] = `
<div
  className="ingredients-buttons"
>
  <div
    className="btn-group"
    role="group"
  >
    <button
      className="btn btn-outline-primary"
      disabled={false}
      onClick={[MockFunction]}
      type="button"
    >
      Check All
    </button>
    <button
      className="btn btn-outline-primary"
      disabled={false}
      onClick={[MockFunction]}
      type="button"
    >
      Clear
    </button>
    <div
      className="dropdown"
    >
      <button
        aria-expanded={false}
        className="dropdown-toggle btn btn-primary"
        disabled={false}
        id="ing-save"
        onClick={[Function]}
        type="button"
      >
        Add To
      </button>
    </div>
  </div>
</div>
`;

exports[`Ingredient Buttons Default 1`] = `
<div
  className="ingredients-buttons"
>
  <div
    className="btn-group"
    role="group"
  >
    <button
      className="btn btn-outline-primary"
      disabled={false}
      onClick={[MockFunction]}
      type="button"
    >
      Check All
    </button>
    <button
      className="btn btn-outline-primary"
      disabled={false}
      onClick={[MockFunction]}
      type="button"
    >
      Clear
    </button>
    <div
      className="dropdown"
    >
      <button
        aria-expanded={false}
        className="dropdown-toggle btn btn-primary"
        disabled={false}
        id="ing-save"
        onClick={[Function]}
        type="button"
      >
        Add To
      </button>
    </div>
  </div>
</div>
`;

exports[`Ingredient Buttons Error 1`] = `
<div
  className="ingredients-buttons"
>
  <div
    className="btn-group"
    role="group"
  >
    <button
      className="btn btn-outline-primary"
      disabled={false}
      onClick={[MockFunction]}
      type="button"
    >
      Check All
    </button>
    <button
      className="btn btn-outline-primary"
      disabled={false}
      onClick={[MockFunction]}
      type="button"
    >
      Clear
    </button>
    <div
      className="dropdown"
    >
      <button
        aria-expanded={false}
        className="dropdown-toggle btn btn-primary"
        disabled={false}
        id="ing-save"
        onClick={[Function]}
        type="button"
      >
        Add To
      </button>
    </div>
  </div>
</div>
`;

exports[`Ingredient Buttons Loading 1`] = `
<div
  className="ingredients-buttons"
>
  <div
    className="btn-group"
    role="group"
  >
    <button
      className="btn btn-outline-primary"
      disabled={false}
      onClick={[MockFunction]}
      type="button"
    >
      Check All
    </button>
    <button
      className="btn btn-outline-primary"
      disabled={false}
      onClick={[MockFunction]}
      type="button"
    >
      Clear
    </button>
    <div
      className="dropdown"
    >
      <button
        aria-expanded={false}
        className="dropdown-toggle btn btn-primary"
        disabled={false}
        id="ing-save"
        onClick={[Function]}
        type="button"
      >
        Add To
      </button>
    </div>
  </div>
</div>
`;
